Script started on 2023-10-19 09:33:22-04:00
bash-4.4$ una[Kame -a
Linux zeus-1.cec.gmu.edu 4.18.0-348.23.1.el8_5.x86_64 #1 SMP Tue Apr 12 11:20:32 EDT 2022 x86_64 x86_64 x86_64 GNU/Linux
bash-4.4$ pwd
/home/srhoade/CS262/lab7_srhoade_214
bash-4.4$ ls
lab7_input.txt	lab7_srhoade_214.c  lab7_typescript_srhoade_214  Makefile
bash-4.4$ cat lab7_srhoade_214.c 
/* Stephen Rhoades G01369048
 * CS 262, Lab Section 214
 * Lab7: File I/O and Formatting
 */

#include <stdio.h>
#include <stdlib.h>
#define SIZE 60

int main(int argc, char *argv[]){
	int linesToRead, Gnum, semester, credits;
	float grade;
	char buff[SIZE];
	char * input, * output, *name, *course;
	FILE * frptr, * fwptr;
	if (argc <= 2) {
		printf("Not enough arguments for main to run. Please try again with at least two arguments.\n");
		return 1;
	}
	
	input = argv[1];
	output = argv[2];
	
	/* printf("input: %s, output: %s\n", input, output); */
	
	frptr = fopen(input, "r");
	if (frptr == NULL) {
		printf("ERROR! the input file could not be opened\n");
		return 1;
	}
	
	fwptr = fopen(output, "w");
	if (fwptr == NULL) {
		printf("ERROR! the output file could not be opened\n");
		return 1;
	}
	
	name = malloc(20);
	course = malloc(20);

	fgets(buff, SIZE, (FILE*)frptr);

	for (linesToRead = atoi(buff); linesToRead > 0; linesToRead--){

		fgets(buff, SIZE, (FILE*)frptr);

		sscanf(buff, "%d %[^,] %s %d %s %d %f", &Gnum, name, course, &semester, course, &credits, &grade );
		fprintf(fwptr,"%-25s %-10d %-8.2f %-10s %-3d %3d\n",name, Gnum, grade, course, credits, semester);
	}

	free(name);
	free(course);
	fclose(frptr);
	fclose(fwptr);
	return 0;
}

bash-4.4$ cas[Kt Makefile 
 # Stephen Rhoades G01369048
 # CS 262, Lab section lab214
 # lab 7
    
  CC = gcc
  CFLAGS = -g -Wall -std=c89 -pedantic-errors
  TARGET = lab7_srhoade_214
  LIBS = -lm

$(TARGET): $(TARGET).c
	$(CC) $(TARGET).c -o $(TARGET) $(CFLAGS) $(LIBS)

clean:
	rm $(TARGET)


bash-4.4$ make clean
rm lab7_srhoade_214
rm: cannot remove 'lab7_srhoade_214': No such file or directory
make: *** [Makefile:14: clean] Error 1
bash-4.4$ make
gcc lab7_srhoade_214.c -o lab7_srhoade_214 -g -Wall -std=c89 -pedantic-errors -lm
bash-4.4$ ./L[Klab7_srhoade_214 
Not enough arguments for main to run. Please try again with at least two arguments.
bash-4.4$ ./lab7_srhoade_214 input.txt
Not enough arguments for main to run. Please try again with at least two arguments.
bash-4.4$ ./lab7_srhoade_214 input.txt example.out
ERROR! the input file could not be opened
bash-4.4$ ./lab7_srhoade_214 input.txt example.out[K[K[K[K[K[K[K[K[K[K[K[1@l[1@a[1@b[1@7[1@_[C[C[C[C[C[C[C[C[C[Clab7_output.txt
bash-4.4$ cat out[K[K[Klab7_output.txt 
Iron Man                  1134970    9.97     CS500      4     5
Captain America           1156731    8.79     CS262      3     2
Black Widow               1070965    8.35     CS310      3     3
Clint Barton              1133656    6.89     CS440      4     5
Nick Fury                 1259273    4.68     CS101      2     1
Wanda Maximoff            1284367    7.98     CS367      4     3
bash-4.4$ make clae[K[Kean
rm lab7_srhoade_214
bash-4.4$ ls
lab7_input.txt	lab7_output.txt  lab7_srhoade_214.c  lab7_typescript_srhoade_214  Makefile
bash-4.4$ qui[K[K[Kexit
exit

Script done on 2023-10-19 09:35:49-04:00
