Script started on 2023-09-19 12:16:39-04:00
bash-4.4$ uname -a
Linux zeus-2.cec.gmu.edu 4.18.0-348.23.1.el8_5.x86_64 #1 SMP Tue Apr 12 11:20:32 EDT 2022 x86_64 x86_64 x86_64 GNU/Linux
bash-4.4$ pwd
/home/srhoade/CS262/lab4_srhoade_214
bash-4.4$ ls
lab4_srhoade_214.c  lab4_typescript_srhoade_214  Makefile
bash-4.4$ cat lab4_srhoade_214.c 
/* Stephen Rhoades G01369048
 * CS 262, Lab section 214
 * lab4: Discrete Analog Clock
 */

#include <stdio.h>
#include <stdlib.h>
#define SIZE 60

/* This function is used to first check if the provided angle matches any angle that is formed from the 
 * particular clock moving at fixed intervals of 6 degrees.
 * At the same time the function will record each time that produceses a positive result inside the
 * integer array pointed to.
 * Lastly, the function keeps track of the number of positive results to both progress array indexing 
 * and record the size of the array.
 */
int angleExists(int A, int * arr, int * arrSize){
	int exists = 0;					/* 'boolean' truth value. */
	int m, h, mAng, hAng;
	int i = 0;
	for (h = 0; h < 24; h++){			/* iterates every hour*/
		for (m = 0; m < 60; m++){		/* iterates every minute*/
			mAng = 6 * m;
			hAng = (30 * h + 6 * (m/12))%360;
			if (A == abs(mAng - hAng) || A == 360 - abs(mAng - hAng)) {	/*compares the angle of the minute and hour hand*/
				exists = 1;		/* record truth value to return*/
				arr[i] = m + h * 60;
				i++;
				/*printf("%d\n", *arrSize);
				*printf("mins: %d, hours: %d\n", m, h);*/
			}
		}
	}
	*arrSize = i;		/* assigns the size of the array to the provided address*/
	return exists;

}

/*This function converts the integer value of minutes into two variables, one of minutes and the other hours,
 *then it prints out the two vaiables with a 24-hour military time format.
 */
void printTime(int min) {
	int hour = min / 60;
	min = min % 60;
	printf("%02d%02d\n", hour, min);	
}

int main() {
	int angle = -1;
	char inBuff[SIZE];
	int array[SIZE];
	int arrSize = 0;
	int val,i;
	do {
		printf("Please enter a whole angle value from 0 to 180.\n"); 
		fgets(inBuff, SIZE, stdin);
		sscanf(inBuff, "%d", &angle);	

	} while (angle < 0 || angle > 180 );	/*will continue prompting the user until appropriate input is provided*/
	
	
	if (angleExists(angle, array, &arrSize)) { /*this is where all the math happens when calling the function*/
		printf("There are %d different times where the two clock hands form a minimum angle of %d degrees.\n", arrSize, angle);
		printf("Those times are at:\n");
		for (i = 0; i < arrSize; i++) {	/*iterates each stored value in the array and calls the print function with said value*/ 
			/*printf("TEST! %d\n", val);*/
			val = array[i];
			printTime(val);
			
		}
	} else {
		printf("There is no time where the clock hands form a %d degree angle.\n", angle);
	}

	return 0;
}
bash-4.4$ cat Makefile 
 # Stephen Rhoades G01369048
 # CS 262, Lab section lab214
 # lab4
    
  CC = gcc
  CFLAGS = -g -Wall -std=c89 -pedantic-errors
  TARGET = lab4_srhoade_214
  LIBS = -lm

$(TARGET): $(TARGET).c
	$(CC) $(TARGET).c -o $(TARGET) $(CFLAGS) $(LIBS)

clean:
	rm $(TARGET)
bash-4.4$ make
gcc lab4_srhoade_214.c -o lab4_srhoade_214 -g -Wall -std=c89 -pedantic-errors -lm
bash-4.4$ ls
lab4_srhoade_214  lab4_srhoade_214.c  lab4_typescript_srhoade_214  Makefile
bash-4.4$ ./lab4_srhoade_214 
Please enter a whole angle value from 0 to 180.
90
There are 48 different times where the two clock hands form a minimum angle of 90 degrees.
Those times are at:
0016
0049
0121
0154
0227
0259
0300
0332
0405
0438
0510
0543
0616
0649
0721
0754
0827
0859
0900
0932
1005
1038
1110
1143
1216
1249
1321
1354
1427
1459
1500
1532
1605
1638
1710
1743
1816
1849
1921
1954
2027
2059
2100
2132
2205
2238
2310
2343
bash-4.4$ ./lab4_srhoade_214 
Please enter a whole angle value from 0 to 180.
65
There is no time where the clock hands form a 65 degree angle.
bash-4.4$ ./lab4_srhoade_214 
Please enter a whole angle value from 0 to 180.
66
There are 48 different times where the two clock hands form a minimum angle of 66 degrees.
Those times are at:
0011
0012
0053
0117
0158
0222
0304
0328
0409
0433
0515
0539
0620
0644
0726
0750
0831
0855
0937
1001
1042
1106
1147
1148
1211
1212
1253
1317
1358
1422
1504
1528
1609
1633
1715
1739
1820
1844
1926
1950
2031
2055
2137
2201
2242
2306
2347
2348
bash-4.4$ ./lab4_srhoade_214 
Please enter a whole angle value from 0 to 180.
67
There is no time where the clock hands form a 67 degree angle.
bash-4.4$ ./lab4_srhoade_214 
Please enter a whole angle value from 0 to 180.
0
There are 24 different times where the two clock hands form a minimum angle of 0 degrees.
Those times are at:
0000
0105
0210
0316
0421
0527
0632
0738
0843
0949
1054
1159
1200
1305
1410
1516
1621
1727
1832
1938
2043
2149
2254
2359
bash-4.4$ make clean
rm lab4_srhoade_214
bash-4.4$ ls
lab4_srhoade_214.c  lab4_typescript_srhoade_214  Makefile
bash-4.4$ sxit[K[K[K[Kexit
exit

Script done on 2023-09-19 12:18:13-04:00
